nohup: ignoring input
[[1;34mINFO[m] Scanning for projects...
[[1;34mINFO[m] 
[[1;34mINFO[m] [1m-----------------< [0;36mcom.polytechnique:backend-electro[0;1m >------------------[m
[[1;34mINFO[m] [1mBuilding backend-electro 0.0.1-SNAPSHOT[m
[[1;34mINFO[m] [1m--------------------------------[ jar ]---------------------------------[m
[[1;34mINFO[m] 
[[1;34mINFO[m] [1m>>> [0;32mspring-boot-maven-plugin:4.0.0:run[m [1m(default-cli)[0;1m > [0;1mtest-compile[m @ [36mbackend-electro[0;1m >>>[m
[[1;34mINFO[m] 
[[1;34mINFO[m] [1m--- [0;32mmaven-resources-plugin:3.3.1:resources[m [1m(default-resources)[m @ [36mbackend-electro[0;1m ---[m
[[1;34mINFO[m] Copying 2 resources from src/main/resources to target/classes
[[1;34mINFO[m] Copying 7 resources from src/main/resources to target/classes
[[1;34mINFO[m] 
[[1;34mINFO[m] [1m--- [0;32mmaven-compiler-plugin:3.14.1:compile[m [1m(default-compile)[m @ [36mbackend-electro[0;1m ---[m
[[1;34mINFO[m] Recompiling the module because of [1mchanged source code[m.
[[1;34mINFO[m] Compiling 130 source files with javac [debug parameters release 17] to target/classes
[[1;34mINFO[m] /home/delta/DD/Projets 4Gi/electronique/backend-electro/src/main/java/com/polytechnique/backend/service/DiagnosticIAService.java: /home/delta/DD/Projets 4Gi/electronique/backend-electro/src/main/java/com/polytechnique/backend/service/DiagnosticIAService.java uses unchecked or unsafe operations.
[[1;34mINFO[m] /home/delta/DD/Projets 4Gi/electronique/backend-electro/src/main/java/com/polytechnique/backend/service/DiagnosticIAService.java: Recompile with -Xlint:unchecked for details.
[[1;34mINFO[m] 
[[1;34mINFO[m] [1m--- [0;32mmaven-resources-plugin:3.3.1:testResources[m [1m(default-testResources)[m @ [36mbackend-electro[0;1m ---[m
[[1;34mINFO[m] skip non existing resourceDirectory /home/delta/DD/Projets 4Gi/electronique/backend-electro/src/test/resources
[[1;34mINFO[m] 
[[1;34mINFO[m] [1m--- [0;32mmaven-compiler-plugin:3.14.1:testCompile[m [1m(default-testCompile)[m @ [36mbackend-electro[0;1m ---[m
[[1;34mINFO[m] Recompiling the module because of [1mchanged dependency[m.
[[1;34mINFO[m] Compiling 1 source file with javac [debug parameters release 17] to target/test-classes
[[1;34mINFO[m] 
[[1;34mINFO[m] [1m<<< [0;32mspring-boot-maven-plugin:4.0.0:run[m [1m(default-cli)[0;1m < [0;1mtest-compile[m @ [36mbackend-electro[0;1m <<<[m
[[1;34mINFO[m] 
[[1;34mINFO[m] 
[[1;34mINFO[m] [1m--- [0;32mspring-boot-maven-plugin:4.0.0:run[m [1m(default-cli)[m @ [36mbackend-electro[0;1m ---[m
[[1;34mINFO[m] Attaching agents: []

  .   ____          _            __ _ _
 /\\ / ___'_ __ _ _(_)_ __  __ _ \ \ \ \
( ( )\___ | '_ | '_| | '_ \/ _` | \ \ \ \
 \\/  ___)| |_)| | | | | || (_| |  ) ) ) )
  '  |____| .__|_| |_|_| |_\__, | / / / /
 =========|_|==============|___/=/_/_/_/

 :: Spring Boot ::                (v4.0.0)

2026-01-22T15:06:20.511+01:00  INFO 48288 --- [backend-electro] [  restartedMain] c.p.backend.BackendElectroApplication    : Starting BackendElectroApplication using Java 23 with PID 48288 (/home/delta/DD/Projets 4Gi/electronique/backend-electro/target/classes started by delta in /home/delta/DD/Projets 4Gi/electronique/backend-electro)
2026-01-22T15:06:20.515+01:00  INFO 48288 --- [backend-electro] [  restartedMain] c.p.backend.BackendElectroApplication    : No active profile set, falling back to 1 default profile: "default"
2026-01-22T15:06:20.600+01:00  INFO 48288 --- [backend-electro] [  restartedMain] .e.DevToolsPropertyDefaultsPostProcessor : Devtools property defaults active! Set 'spring.devtools.add-properties' to 'false' to disable
2026-01-22T15:06:20.601+01:00  INFO 48288 --- [backend-electro] [  restartedMain] .e.DevToolsPropertyDefaultsPostProcessor : For additional web related logging consider setting the 'logging.level.web' property to 'DEBUG'
2026-01-22T15:06:22.415+01:00  INFO 48288 --- [backend-electro] [  restartedMain] .s.d.r.c.RepositoryConfigurationDelegate : Bootstrapping Spring Data JPA repositories in DEFAULT mode.
2026-01-22T15:06:22.619+01:00  INFO 48288 --- [backend-electro] [  restartedMain] .s.d.r.c.RepositoryConfigurationDelegate : Finished Spring Data repository scanning in 192 ms. Found 12 JPA repository interfaces.
2026-01-22T15:06:23.470+01:00  INFO 48288 --- [backend-electro] [  restartedMain] o.s.boot.tomcat.TomcatWebServer          : Tomcat initialized with port 8080 (http)
2026-01-22T15:06:23.486+01:00  INFO 48288 --- [backend-electro] [  restartedMain] o.apache.catalina.core.StandardService   : Starting service [Tomcat]
2026-01-22T15:06:23.487+01:00  INFO 48288 --- [backend-electro] [  restartedMain] o.apache.catalina.core.StandardEngine    : Starting Servlet engine: [Apache Tomcat/11.0.14]
2026-01-22T15:06:23.531+01:00  INFO 48288 --- [backend-electro] [  restartedMain] b.w.c.s.WebApplicationContextInitializer : Root WebApplicationContext: initialization completed in 2928 ms
2026-01-22T15:06:23.596+01:00 DEBUG 48288 --- [backend-electro] [  restartedMain] o.springframework.web.filter.CorsFilter  : Filter 'corsFilter' configured for use
2026-01-22T15:06:23.660+01:00  INFO 48288 --- [backend-electro] [  restartedMain] com.zaxxer.hikari.HikariDataSource       : HikariPool-1 - Starting...
2026-01-22T15:06:24.113+01:00  INFO 48288 --- [backend-electro] [  restartedMain] com.zaxxer.hikari.pool.HikariPool        : HikariPool-1 - Added connection org.postgresql.jdbc.PgConnection@1b67aaea
2026-01-22T15:06:24.115+01:00  INFO 48288 --- [backend-electro] [  restartedMain] com.zaxxer.hikari.HikariDataSource       : HikariPool-1 - Start completed.
2026-01-22T15:06:24.209+01:00  INFO 48288 --- [backend-electro] [  restartedMain] o.hibernate.jpa.internal.util.LogHelper  : HHH000204: Processing PersistenceUnitInfo [name: default]
2026-01-22T15:06:24.265+01:00  INFO 48288 --- [backend-electro] [  restartedMain] org.hibernate.Version                    : HHH000412: Hibernate ORM core version 7.1.8.Final
2026-01-22T15:06:24.743+01:00  INFO 48288 --- [backend-electro] [  restartedMain] o.s.o.j.p.SpringPersistenceUnitInfo      : No LoadTimeWeaver setup: ignoring JPA class transformer
2026-01-22T15:06:24.804+01:00  WARN 48288 --- [backend-electro] [  restartedMain] org.hibernate.orm.deprecation            : HHH90000025: PostgreSQLDialect does not need to be specified explicitly using 'hibernate.dialect' (remove the property setting and it will be selected by default)
2026-01-22T15:06:24.822+01:00  INFO 48288 --- [backend-electro] [  restartedMain] org.hibernate.orm.connections.pooling    : HHH10001005: Database info:
	Database JDBC URL [jdbc:postgresql://localhost:5432/bd_electro]
	Database driver: PostgreSQL JDBC Driver
	Database dialect: PostgreSQLDialect
	Database version: 18.1
	Default catalog/schema: bd_electro/public
	Autocommit mode: undefined/unknown
	Isolation level: READ_COMMITTED [default READ_COMMITTED]
	JDBC fetch size: none
	Pool: DatasourceConnectionProviderImpl
	Minimum pool size: undefined/unknown
	Maximum pool size: undefined/unknown
2026-01-22T15:06:26.485+01:00  INFO 48288 --- [backend-electro] [  restartedMain] o.h.e.t.j.p.i.JtaPlatformInitiator       : HHH000489: No JTA platform available (set 'hibernate.transaction.jta.platform' to enable JTA platform integration)
2026-01-22T15:06:26.696+01:00  INFO 48288 --- [backend-electro] [  restartedMain] j.LocalContainerEntityManagerFactoryBean : Initialized JPA EntityManagerFactory for persistence unit 'default'
2026-01-22T15:06:26.788+01:00  INFO 48288 --- [backend-electro] [  restartedMain] o.s.d.j.r.query.QueryEnhancerFactories   : Hibernate is in classpath; If applicable, HQL parser will be used.
2026-01-22T15:06:29.494+01:00  WARN 48288 --- [backend-electro] [  restartedMain] JpaBaseConfiguration$JpaWebConfiguration : spring.jpa.open-in-view is enabled by default. Therefore, database queries may be performed during view rendering. Explicitly configure spring.jpa.open-in-view to disable this warning
2026-01-22T15:06:29.601+01:00  WARN 48288 --- [backend-electro] [  restartedMain] .s.a.UserDetailsServiceAutoConfiguration : 

Using generated security password: 4503792d-3a01-4335-98bc-c8941a5968ba

This generated password is for development use only. Your security configuration must be updated before running your application in production.

2026-01-22T15:06:29.612+01:00  INFO 48288 --- [backend-electro] [  restartedMain] r$InitializeUserDetailsManagerConfigurer : Global AuthenticationManager configured with UserDetailsService bean with name inMemoryUserDetailsManager
2026-01-22T15:06:29.982+01:00 DEBUG 48288 --- [backend-electro] [  restartedMain] s.w.s.m.m.a.RequestMappingHandlerMapping : 85 mappings in 'requestMappingHandlerMapping'
2026-01-22T15:06:30.013+01:00 DEBUG 48288 --- [backend-electro] [  restartedMain] o.s.w.s.handler.SimpleUrlHandlerMapping  : Patterns [/webjars/**, /**, /swagger-ui*/*swagger-initializer.js, /swagger-ui*/**] in 'resourceHandlerMapping'
2026-01-22T15:06:30.048+01:00 DEBUG 48288 --- [backend-electro] [  restartedMain] s.w.s.m.m.a.RequestMappingHandlerAdapter : ControllerAdvice beans: 0 @ModelAttribute, 0 @InitBinder, 1 RequestBodyAdvice, 1 ResponseBodyAdvice
2026-01-22T15:06:30.098+01:00 DEBUG 48288 --- [backend-electro] [  restartedMain] .m.m.a.ExceptionHandlerExceptionResolver : ControllerAdvice beans: 2 @ExceptionHandler, 1 ResponseBodyAdvice
2026-01-22T15:06:30.333+01:00  INFO 48288 --- [backend-electro] [  restartedMain] o.s.boot.tomcat.TomcatWebServer          : Tomcat started on port 8080 (http) with context path '/api'
2026-01-22T15:06:30.348+01:00  INFO 48288 --- [backend-electro] [  restartedMain] c.p.backend.BackendElectroApplication    : Started BackendElectroApplication in 10.359 seconds (process running for 10.969)
Hibernate: 
    select
        um1_0.id,
        um1_0.adr,
        um1_0.application_id,
        um1_0.application_name,
        um1_0.created_at,
        um1_0.data_base64,
        um1_0.dev_eui,
        um1_0.device_name,
        um1_0.device_profile_id,
        um1_0.device_profile_name,
        um1_0.dr,
        um1_0.f_cnt,
        um1_0.f_port,
        um1_0.frequency,
        um1_0.processed,
        um1_0.text_payload 
    from
        uplink_messages um1_0 
    where
        um1_0.processed=false 
    order by
        um1_0.created_at
Hibernate: 
    select
        a1_0.id_admin 
    from
        administrateur a1_0 
    where
        a1_0.email=? 
    fetch
        first ? rows only
2026-01-22T15:06:30.479+01:00  INFO 48288 --- [backend-electro] [  restartedMain] c.p.backend.config.DataInitializer       : Super Admin existe déjà.
Hibernate: 
    select
        um1_0.id,
        um1_0.adr,
        um1_0.application_id,
        um1_0.application_name,
        um1_0.created_at,
        um1_0.data_base64,
        um1_0.dev_eui,
        um1_0.device_name,
        um1_0.device_profile_id,
        um1_0.device_profile_name,
        um1_0.dr,
        um1_0.f_cnt,
        um1_0.f_port,
        um1_0.frequency,
        um1_0.processed,
        um1_0.text_payload 
    from
        uplink_messages um1_0 
    where
        um1_0.processed=false 
    order by
        um1_0.created_at
Hibernate: 
    select
        um1_0.id,
        um1_0.adr,
        um1_0.application_id,
        um1_0.application_name,
        um1_0.created_at,
        um1_0.data_base64,
        um1_0.dev_eui,
        um1_0.device_name,
        um1_0.device_profile_id,
        um1_0.device_profile_name,
        um1_0.dr,
        um1_0.f_cnt,
        um1_0.f_port,
        um1_0.frequency,
        um1_0.processed,
        um1_0.text_payload 
    from
        uplink_messages um1_0 
    where
        um1_0.processed=false 
    order by
        um1_0.created_at
Hibernate: 
    select
        um1_0.id,
        um1_0.adr,
        um1_0.application_id,
        um1_0.application_name,
        um1_0.created_at,
        um1_0.data_base64,
        um1_0.dev_eui,
        um1_0.device_name,
        um1_0.device_profile_id,
        um1_0.device_profile_name,
        um1_0.dr,
        um1_0.f_cnt,
        um1_0.f_port,
        um1_0.frequency,
        um1_0.processed,
        um1_0.text_payload 
    from
        uplink_messages um1_0 
    where
        um1_0.processed=false 
    order by
        um1_0.created_at
2026-01-22T15:08:15.179+01:00  INFO 48288 --- [backend-electro] [   File Watcher] rtingClassPathChangeChangedEventListener : Restarting due to 137 class path changes (0 additions, 137 deletions, 0 modifications)
2026-01-22T15:08:15.189+01:00  INFO 48288 --- [backend-electro] [       Thread-1] o.s.boot.tomcat.GracefulShutdown         : Commencing graceful shutdown. Waiting for active requests to complete
2026-01-22T15:08:15.194+01:00  INFO 48288 --- [backend-electro] [tomcat-shutdown] o.s.boot.tomcat.GracefulShutdown         : Graceful shutdown complete
2026-01-22T15:08:15.231+01:00  INFO 48288 --- [backend-electro] [       Thread-1] j.LocalContainerEntityManagerFactoryBean : Closing JPA EntityManagerFactory for persistence unit 'default'
2026-01-22T15:08:15.235+01:00  INFO 48288 --- [backend-electro] [       Thread-1] com.zaxxer.hikari.HikariDataSource       : HikariPool-1 - Shutdown initiated...
2026-01-22T15:08:15.250+01:00  INFO 48288 --- [backend-electro] [       Thread-1] com.zaxxer.hikari.HikariDataSource       : HikariPool-1 - Shutdown completed.

  .   ____          _            __ _ _
 /\\ / ___'_ __ _ _(_)_ __  __ _ \ \ \ \
( ( )\___ | '_ | '_| | '_ \/ _` | \ \ \ \
 \\/  ___)| |_)| | | | | || (_| |  ) ) ) )
  '  |____| .__|_| |_|_| |_\__, | / / / /
 =========|_|==============|___/=/_/_/_/

 :: Spring Boot ::                (v4.0.0)

2026-01-22T15:08:15.461+01:00  INFO 48288 --- [backend-electro] [  restartedMain] c.p.backend.BackendElectroApplication    : Starting BackendElectroApplication using Java 23 with PID 48288 (/home/delta/DD/Projets 4Gi/electronique/backend-electro/target/classes started by delta in /home/delta/DD/Projets 4Gi/electronique/backend-electro)
2026-01-22T15:08:15.462+01:00  INFO 48288 --- [backend-electro] [  restartedMain] c.p.backend.BackendElectroApplication    : No active profile set, falling back to 1 default profile: "default"
2026-01-22T15:08:15.820+01:00  INFO 48288 --- [backend-electro] [  restartedMain] .s.d.r.c.RepositoryConfigurationDelegate : Bootstrapping Spring Data JPA repositories in DEFAULT mode.
2026-01-22T15:08:15.825+01:00  INFO 48288 --- [backend-electro] [  restartedMain] .s.d.r.c.RepositoryConfigurationDelegate : Finished Spring Data repository scanning in 2 ms. Found 0 JPA repository interfaces.
2026-01-22T15:08:16.072+01:00  INFO 48288 --- [backend-electro] [  restartedMain] o.s.boot.tomcat.TomcatWebServer          : Tomcat initialized with port 8080 (http)
2026-01-22T15:08:16.074+01:00  INFO 48288 --- [backend-electro] [  restartedMain] o.apache.catalina.core.StandardService   : Starting service [Tomcat]
2026-01-22T15:08:16.074+01:00  INFO 48288 --- [backend-electro] [  restartedMain] o.apache.catalina.core.StandardEngine    : Starting Servlet engine: [Apache Tomcat/11.0.14]
2026-01-22T15:08:16.105+01:00  INFO 48288 --- [backend-electro] [  restartedMain] b.w.c.s.WebApplicationContextInitializer : Root WebApplicationContext: initialization completed in 640 ms
2026-01-22T15:08:16.169+01:00  INFO 48288 --- [backend-electro] [  restartedMain] com.zaxxer.hikari.HikariDataSource       : HikariPool-2 - Starting...
2026-01-22T15:08:16.228+01:00  INFO 48288 --- [backend-electro] [  restartedMain] com.zaxxer.hikari.pool.HikariPool        : HikariPool-2 - Added connection org.postgresql.jdbc.PgConnection@2466c287
2026-01-22T15:08:16.230+01:00  INFO 48288 --- [backend-electro] [  restartedMain] com.zaxxer.hikari.HikariDataSource       : HikariPool-2 - Start completed.
2026-01-22T15:08:16.267+01:00  INFO 48288 --- [backend-electro] [  restartedMain] o.hibernate.jpa.internal.util.LogHelper  : HHH000204: Processing PersistenceUnitInfo [name: default]
2026-01-22T15:08:16.339+01:00  INFO 48288 --- [backend-electro] [  restartedMain] o.s.o.j.p.SpringPersistenceUnitInfo      : No LoadTimeWeaver setup: ignoring JPA class transformer
2026-01-22T15:08:16.350+01:00  WARN 48288 --- [backend-electro] [  restartedMain] org.hibernate.orm.deprecation            : HHH90000025: PostgreSQLDialect does not need to be specified explicitly using 'hibernate.dialect' (remove the property setting and it will be selected by default)
2026-01-22T15:08:16.359+01:00  INFO 48288 --- [backend-electro] [  restartedMain] org.hibernate.orm.connections.pooling    : HHH10001005: Database info:
	Database JDBC URL [jdbc:postgresql://localhost:5432/bd_electro]
	Database driver: PostgreSQL JDBC Driver
	Database dialect: PostgreSQLDialect
	Database version: 18.1
	Default catalog/schema: bd_electro/public
	Autocommit mode: undefined/unknown
	Isolation level: READ_COMMITTED [default READ_COMMITTED]
	JDBC fetch size: none
	Pool: DatasourceConnectionProviderImpl
	Minimum pool size: undefined/unknown
	Maximum pool size: undefined/unknown
2026-01-22T15:08:16.414+01:00  INFO 48288 --- [backend-electro] [  restartedMain] o.h.e.t.j.p.i.JtaPlatformInitiator       : HHH000489: No JTA platform available (set 'hibernate.transaction.jta.platform' to enable JTA platform integration)
2026-01-22T15:08:16.415+01:00  INFO 48288 --- [backend-electro] [  restartedMain] j.LocalContainerEntityManagerFactoryBean : Initialized JPA EntityManagerFactory for persistence unit 'default'
2026-01-22T15:08:16.563+01:00  WARN 48288 --- [backend-electro] [  restartedMain] JpaBaseConfiguration$JpaWebConfiguration : spring.jpa.open-in-view is enabled by default. Therefore, database queries may be performed during view rendering. Explicitly configure spring.jpa.open-in-view to disable this warning
2026-01-22T15:08:16.620+01:00 DEBUG 48288 --- [backend-electro] [  restartedMain] s.w.s.m.m.a.RequestMappingHandlerMapping : 6 mappings in 'requestMappingHandlerMapping'
2026-01-22T15:08:16.641+01:00 DEBUG 48288 --- [backend-electro] [  restartedMain] o.s.w.s.handler.SimpleUrlHandlerMapping  : Patterns [/webjars/**, /**, /swagger-ui*/*swagger-initializer.js, /swagger-ui*/**] in 'resourceHandlerMapping'
2026-01-22T15:08:16.656+01:00 DEBUG 48288 --- [backend-electro] [  restartedMain] s.w.s.m.m.a.RequestMappingHandlerAdapter : ControllerAdvice beans: 0 @ModelAttribute, 0 @InitBinder, 1 RequestBodyAdvice, 1 ResponseBodyAdvice
2026-01-22T15:08:16.675+01:00 DEBUG 48288 --- [backend-electro] [  restartedMain] .m.m.a.ExceptionHandlerExceptionResolver : ControllerAdvice beans: 1 @ExceptionHandler, 1 ResponseBodyAdvice
2026-01-22T15:08:16.801+01:00  WARN 48288 --- [backend-electro] [  restartedMain] .s.a.UserDetailsServiceAutoConfiguration : 

Using generated security password: efd6ff84-e171-4620-8c6b-aef9a388edfb

This generated password is for development use only. Your security configuration must be updated before running your application in production.

2026-01-22T15:08:16.835+01:00  INFO 48288 --- [backend-electro] [  restartedMain] r$InitializeUserDetailsManagerConfigurer : Global AuthenticationManager configured with UserDetailsService bean with name inMemoryUserDetailsManager
2026-01-22T15:08:17.112+01:00  INFO 48288 --- [backend-electro] [  restartedMain] o.s.boot.tomcat.TomcatWebServer          : Tomcat started on port 8080 (http) with context path '/api'
2026-01-22T15:08:17.118+01:00  INFO 48288 --- [backend-electro] [  restartedMain] c.p.backend.BackendElectroApplication    : Started BackendElectroApplication in 1.697 seconds (process running for 117.739)
2026-01-22T15:08:17.126+01:00  INFO 48288 --- [backend-electro] [  restartedMain] .ConditionEvaluationDeltaLoggingListener : Condition evaluation delta:


==========================
CONDITION EVALUATION DELTA
==========================


Positive matches:
-----------------

   ServletWebSecurityAutoConfiguration.EnableWebSecurityConfiguration matched:
      - @ConditionalOnClass found required class 'org.springframework.security.config.annotation.web.configuration.EnableWebSecurity' (OnClassCondition)
      - @ConditionalOnMissingBean (names: springSecurityFilterChain; SearchStrategy: all) did not find any beans (OnBeanCondition)

   ServletWebSecurityAutoConfiguration.SecurityFilterChainConfiguration matched:
      - AllNestedConditions 2 matched 0 did not; NestedCondition on DefaultWebSecurityCondition.Beans @ConditionalOnMissingBean (types: org.springframework.security.web.SecurityFilterChain; SearchStrategy: all) did not find any beans; NestedCondition on DefaultWebSecurityCondition.Classes @ConditionalOnClass found required classes 'org.springframework.security.web.SecurityFilterChain', 'org.springframework.security.config.annotation.web.builders.HttpSecurity' (DefaultWebSecurityCondition)


Negative matches:
-----------------

    None


Exclusions:
-----------

    None


Unconditional classes:
----------------------

    None



2026-01-22T15:08:22.842+01:00  INFO 48288 --- [backend-electro] [   File Watcher] rtingClassPathChangeChangedEventListener : Restarting due to 137 class path changes (137 additions, 0 deletions, 0 modifications)
2026-01-22T15:08:22.845+01:00  INFO 48288 --- [backend-electro] [       Thread-5] o.s.boot.tomcat.GracefulShutdown         : Commencing graceful shutdown. Waiting for active requests to complete
2026-01-22T15:08:22.850+01:00  INFO 48288 --- [backend-electro] [tomcat-shutdown] o.s.boot.tomcat.GracefulShutdown         : Graceful shutdown complete
2026-01-22T15:08:22.855+01:00  INFO 48288 --- [backend-electro] [       Thread-5] j.LocalContainerEntityManagerFactoryBean : Closing JPA EntityManagerFactory for persistence unit 'default'
2026-01-22T15:08:22.856+01:00  INFO 48288 --- [backend-electro] [       Thread-5] com.zaxxer.hikari.HikariDataSource       : HikariPool-2 - Shutdown initiated...
2026-01-22T15:08:22.876+01:00  INFO 48288 --- [backend-electro] [       Thread-5] com.zaxxer.hikari.HikariDataSource       : HikariPool-2 - Shutdown completed.

  .   ____          _            __ _ _
 /\\ / ___'_ __ _ _(_)_ __  __ _ \ \ \ \
( ( )\___ | '_ | '_| | '_ \/ _` | \ \ \ \
 \\/  ___)| |_)| | | | | || (_| |  ) ) ) )
  '  |____| .__|_| |_|_| |_\__, | / / / /
 =========|_|==============|___/=/_/_/_/

 :: Spring Boot ::                (v4.0.0)

2026-01-22T15:08:23.089+01:00  INFO 48288 --- [backend-electro] [  restartedMain] c.p.backend.BackendElectroApplication    : Starting BackendElectroApplication using Java 23 with PID 48288 (/home/delta/DD/Projets 4Gi/electronique/backend-electro/target/classes started by delta in /home/delta/DD/Projets 4Gi/electronique/backend-electro)
2026-01-22T15:08:23.090+01:00  INFO 48288 --- [backend-electro] [  restartedMain] c.p.backend.BackendElectroApplication    : No active profile set, falling back to 1 default profile: "default"
2026-01-22T15:08:23.479+01:00  INFO 48288 --- [backend-electro] [  restartedMain] .s.d.r.c.RepositoryConfigurationDelegate : Bootstrapping Spring Data JPA repositories in DEFAULT mode.
2026-01-22T15:08:23.530+01:00  INFO 48288 --- [backend-electro] [  restartedMain] .s.d.r.c.RepositoryConfigurationDelegate : Finished Spring Data repository scanning in 48 ms. Found 12 JPA repository interfaces.
2026-01-22T15:08:23.751+01:00  INFO 48288 --- [backend-electro] [  restartedMain] o.s.boot.tomcat.TomcatWebServer          : Tomcat initialized with port 8080 (http)
2026-01-22T15:08:23.752+01:00  INFO 48288 --- [backend-electro] [  restartedMain] o.apache.catalina.core.StandardService   : Starting service [Tomcat]
2026-01-22T15:08:23.752+01:00  INFO 48288 --- [backend-electro] [  restartedMain] o.apache.catalina.core.StandardEngine    : Starting Servlet engine: [Apache Tomcat/11.0.14]
2026-01-22T15:08:23.778+01:00  INFO 48288 --- [backend-electro] [  restartedMain] b.w.c.s.WebApplicationContextInitializer : Root WebApplicationContext: initialization completed in 683 ms
2026-01-22T15:08:23.813+01:00 DEBUG 48288 --- [backend-electro] [  restartedMain] o.springframework.web.filter.CorsFilter  : Filter 'corsFilter' configured for use
2026-01-22T15:08:23.852+01:00  INFO 48288 --- [backend-electro] [  restartedMain] com.zaxxer.hikari.HikariDataSource       : HikariPool-3 - Starting...
2026-01-22T15:08:23.895+01:00  INFO 48288 --- [backend-electro] [  restartedMain] com.zaxxer.hikari.pool.HikariPool        : HikariPool-3 - Added connection org.postgresql.jdbc.PgConnection@2f48cb3c
2026-01-22T15:08:23.895+01:00  INFO 48288 --- [backend-electro] [  restartedMain] com.zaxxer.hikari.HikariDataSource       : HikariPool-3 - Start completed.
2026-01-22T15:08:23.925+01:00  INFO 48288 --- [backend-electro] [  restartedMain] o.hibernate.jpa.internal.util.LogHelper  : HHH000204: Processing PersistenceUnitInfo [name: default]
2026-01-22T15:08:23.968+01:00  INFO 48288 --- [backend-electro] [  restartedMain] o.s.o.j.p.SpringPersistenceUnitInfo      : No LoadTimeWeaver setup: ignoring JPA class transformer
2026-01-22T15:08:23.973+01:00  WARN 48288 --- [backend-electro] [  restartedMain] org.hibernate.orm.deprecation            : HHH90000025: PostgreSQLDialect does not need to be specified explicitly using 'hibernate.dialect' (remove the property setting and it will be selected by default)
2026-01-22T15:08:23.979+01:00  INFO 48288 --- [backend-electro] [  restartedMain] org.hibernate.orm.connections.pooling    : HHH10001005: Database info:
	Database JDBC URL [jdbc:postgresql://localhost:5432/bd_electro]
	Database driver: PostgreSQL JDBC Driver
	Database dialect: PostgreSQLDialect
	Database version: 18.1
	Default catalog/schema: bd_electro/public
	Autocommit mode: undefined/unknown
	Isolation level: READ_COMMITTED [default READ_COMMITTED]
	JDBC fetch size: none
	Pool: DatasourceConnectionProviderImpl
	Minimum pool size: undefined/unknown
	Maximum pool size: undefined/unknown
2026-01-22T15:08:24.611+01:00  INFO 48288 --- [backend-electro] [  restartedMain] o.h.e.t.j.p.i.JtaPlatformInitiator       : HHH000489: No JTA platform available (set 'hibernate.transaction.jta.platform' to enable JTA platform integration)
2026-01-22T15:08:24.822+01:00  INFO 48288 --- [backend-electro] [  restartedMain] j.LocalContainerEntityManagerFactoryBean : Initialized JPA EntityManagerFactory for persistence unit 'default'
2026-01-22T15:08:25.672+01:00  WARN 48288 --- [backend-electro] [  restartedMain] JpaBaseConfiguration$JpaWebConfiguration : spring.jpa.open-in-view is enabled by default. Therefore, database queries may be performed during view rendering. Explicitly configure spring.jpa.open-in-view to disable this warning
2026-01-22T15:08:25.727+01:00  WARN 48288 --- [backend-electro] [  restartedMain] .s.a.UserDetailsServiceAutoConfiguration : 

Using generated security password: ba437eb6-8cbd-42ef-b03e-45542c97e94b

This generated password is for development use only. Your security configuration must be updated before running your application in production.

2026-01-22T15:08:25.729+01:00  INFO 48288 --- [backend-electro] [  restartedMain] r$InitializeUserDetailsManagerConfigurer : Global AuthenticationManager configured with UserDetailsService bean with name inMemoryUserDetailsManager
2026-01-22T15:08:26.027+01:00 DEBUG 48288 --- [backend-electro] [  restartedMain] s.w.s.m.m.a.RequestMappingHandlerMapping : 85 mappings in 'requestMappingHandlerMapping'
2026-01-22T15:08:26.056+01:00 DEBUG 48288 --- [backend-electro] [  restartedMain] o.s.w.s.handler.SimpleUrlHandlerMapping  : Patterns [/webjars/**, /**, /swagger-ui*/*swagger-initializer.js, /swagger-ui*/**] in 'resourceHandlerMapping'
2026-01-22T15:08:26.078+01:00 DEBUG 48288 --- [backend-electro] [  restartedMain] s.w.s.m.m.a.RequestMappingHandlerAdapter : ControllerAdvice beans: 0 @ModelAttribute, 0 @InitBinder, 1 RequestBodyAdvice, 1 ResponseBodyAdvice
2026-01-22T15:08:26.096+01:00 DEBUG 48288 --- [backend-electro] [  restartedMain] .m.m.a.ExceptionHandlerExceptionResolver : ControllerAdvice beans: 2 @ExceptionHandler, 1 ResponseBodyAdvice
2026-01-22T15:08:26.226+01:00  INFO 48288 --- [backend-electro] [  restartedMain] o.s.boot.tomcat.TomcatWebServer          : Tomcat started on port 8080 (http) with context path '/api'
2026-01-22T15:08:26.231+01:00  INFO 48288 --- [backend-electro] [  restartedMain] c.p.backend.BackendElectroApplication    : Started BackendElectroApplication in 3.183 seconds (process running for 126.852)
Hibernate: 
    select
        um1_0.id,
        um1_0.adr,
        um1_0.application_id,
        um1_0.application_name,
        um1_0.created_at,
        um1_0.data_base64,
        um1_0.dev_eui,
        um1_0.device_name,
        um1_0.device_profile_id,
        um1_0.device_profile_name,
        um1_0.dr,
        um1_0.f_cnt,
        um1_0.f_port,
        um1_0.frequency,
        um1_0.processed,
        um1_0.text_payload 
    from
        uplink_messages um1_0 
    where
        um1_0.processed=false 
    order by
        um1_0.created_at
Hibernate: 
    select
        a1_0.id_admin 
    from
        administrateur a1_0 
    where
        a1_0.email=? 
    fetch
        first ? rows only
2026-01-22T15:08:26.281+01:00  INFO 48288 --- [backend-electro] [  restartedMain] c.p.backend.config.DataInitializer       : Super Admin existe déjà.
2026-01-22T15:08:26.283+01:00  INFO 48288 --- [backend-electro] [  restartedMain] .ConditionEvaluationDeltaLoggingListener : Condition evaluation delta:


==========================
CONDITION EVALUATION DELTA
==========================


Positive matches:
-----------------

    None


Negative matches:
-----------------

   ServletWebSecurityAutoConfiguration.EnableWebSecurityConfiguration:
      Did not match:
         - @ConditionalOnMissingBean (names: springSecurityFilterChain; SearchStrategy: all) found beans named springSecurityFilterChain (OnBeanCondition)
      Matched:
         - @ConditionalOnClass found required class 'org.springframework.security.config.annotation.web.configuration.EnableWebSecurity' (OnClassCondition)

   ServletWebSecurityAutoConfiguration.SecurityFilterChainConfiguration:
      Did not match:
         - AllNestedConditions 1 matched 1 did not; NestedCondition on DefaultWebSecurityCondition.Beans @ConditionalOnMissingBean (types: org.springframework.security.web.SecurityFilterChain; SearchStrategy: all) found beans of type 'org.springframework.security.web.SecurityFilterChain' securityFilterChain; NestedCondition on DefaultWebSecurityCondition.Classes @ConditionalOnClass found required classes 'org.springframework.security.web.SecurityFilterChain', 'org.springframework.security.config.annotation.web.builders.HttpSecurity' (DefaultWebSecurityCondition)


Exclusions:
-----------

    None


Unconditional classes:
----------------------

    None



Hibernate: 
    select
        um1_0.id,
        um1_0.adr,
        um1_0.application_id,
        um1_0.application_name,
        um1_0.created_at,
        um1_0.data_base64,
        um1_0.dev_eui,
        um1_0.device_name,
        um1_0.device_profile_id,
        um1_0.device_profile_name,
        um1_0.dr,
        um1_0.f_cnt,
        um1_0.f_port,
        um1_0.frequency,
        um1_0.processed,
        um1_0.text_payload 
    from
        uplink_messages um1_0 
    where
        um1_0.processed=false 
    order by
        um1_0.created_at
Hibernate: 
    select
        um1_0.id,
        um1_0.adr,
        um1_0.application_id,
        um1_0.application_name,
        um1_0.created_at,
        um1_0.data_base64,
        um1_0.dev_eui,
        um1_0.device_name,
        um1_0.device_profile_id,
        um1_0.device_profile_name,
        um1_0.dr,
        um1_0.f_cnt,
        um1_0.f_port,
        um1_0.frequency,
        um1_0.processed,
        um1_0.text_payload 
    from
        uplink_messages um1_0 
    where
        um1_0.processed=false 
    order by
        um1_0.created_at
Hibernate: 
    select
        um1_0.id,
        um1_0.adr,
        um1_0.application_id,
        um1_0.application_name,
        um1_0.created_at,
        um1_0.data_base64,
        um1_0.dev_eui,
        um1_0.device_name,
        um1_0.device_profile_id,
        um1_0.device_profile_name,
        um1_0.dr,
        um1_0.f_cnt,
        um1_0.f_port,
        um1_0.frequency,
        um1_0.processed,
        um1_0.text_payload 
    from
        uplink_messages um1_0 
    where
        um1_0.processed=false 
    order by
        um1_0.created_at
Hibernate: 
    select
        um1_0.id,
        um1_0.adr,
        um1_0.application_id,
        um1_0.application_name,
        um1_0.created_at,
        um1_0.data_base64,
        um1_0.dev_eui,
        um1_0.device_name,
        um1_0.device_profile_id,
        um1_0.device_profile_name,
        um1_0.dr,
        um1_0.f_cnt,
        um1_0.f_port,
        um1_0.frequency,
        um1_0.processed,
        um1_0.text_payload 
    from
        uplink_messages um1_0 
    where
        um1_0.processed=false 
    order by
        um1_0.created_at
Hibernate: 
    select
        um1_0.id,
        um1_0.adr,
        um1_0.application_id,
        um1_0.application_name,
        um1_0.created_at,
        um1_0.data_base64,
        um1_0.dev_eui,
        um1_0.device_name,
        um1_0.device_profile_id,
        um1_0.device_profile_name,
        um1_0.dr,
        um1_0.f_cnt,
        um1_0.f_port,
        um1_0.frequency,
        um1_0.processed,
        um1_0.text_payload 
    from
        uplink_messages um1_0 
    where
        um1_0.processed=false 
    order by
        um1_0.created_at
Hibernate: 
    select
        um1_0.id,
        um1_0.adr,
        um1_0.application_id,
        um1_0.application_name,
        um1_0.created_at,
        um1_0.data_base64,
        um1_0.dev_eui,
        um1_0.device_name,
        um1_0.device_profile_id,
        um1_0.device_profile_name,
        um1_0.dr,
        um1_0.f_cnt,
        um1_0.f_port,
        um1_0.frequency,
        um1_0.processed,
        um1_0.text_payload 
    from
        uplink_messages um1_0 
    where
        um1_0.processed=false 
    order by
        um1_0.created_at
Hibernate: 
    select
        um1_0.id,
        um1_0.adr,
        um1_0.application_id,
        um1_0.application_name,
        um1_0.created_at,
        um1_0.data_base64,
        um1_0.dev_eui,
        um1_0.device_name,
        um1_0.device_profile_id,
        um1_0.device_profile_name,
        um1_0.dr,
        um1_0.f_cnt,
        um1_0.f_port,
        um1_0.frequency,
        um1_0.processed,
        um1_0.text_payload 
    from
        uplink_messages um1_0 
    where
        um1_0.processed=false 
    order by
        um1_0.created_at
Hibernate: 
    select
        um1_0.id,
        um1_0.adr,
        um1_0.application_id,
        um1_0.application_name,
        um1_0.created_at,
        um1_0.data_base64,
        um1_0.dev_eui,
        um1_0.device_name,
        um1_0.device_profile_id,
        um1_0.device_profile_name,
        um1_0.dr,
        um1_0.f_cnt,
        um1_0.f_port,
        um1_0.frequency,
        um1_0.processed,
        um1_0.text_payload 
    from
        uplink_messages um1_0 
    where
        um1_0.processed=false 
    order by
        um1_0.created_at
Hibernate: 
    select
        um1_0.id,
        um1_0.adr,
        um1_0.application_id,
        um1_0.application_name,
        um1_0.created_at,
        um1_0.data_base64,
        um1_0.dev_eui,
        um1_0.device_name,
        um1_0.device_profile_id,
        um1_0.device_profile_name,
        um1_0.dr,
        um1_0.f_cnt,
        um1_0.f_port,
        um1_0.frequency,
        um1_0.processed,
        um1_0.text_payload 
    from
        uplink_messages um1_0 
    where
        um1_0.processed=false 
    order by
        um1_0.created_at
Hibernate: 
    select
        um1_0.id,
        um1_0.adr,
        um1_0.application_id,
        um1_0.application_name,
        um1_0.created_at,
        um1_0.data_base64,
        um1_0.dev_eui,
        um1_0.device_name,
        um1_0.device_profile_id,
        um1_0.device_profile_name,
        um1_0.dr,
        um1_0.f_cnt,
        um1_0.f_port,
        um1_0.frequency,
        um1_0.processed,
        um1_0.text_payload 
    from
        uplink_messages um1_0 
    where
        um1_0.processed=false 
    order by
        um1_0.created_at
Hibernate: 
    select
        um1_0.id,
        um1_0.adr,
        um1_0.application_id,
        um1_0.application_name,
        um1_0.created_at,
        um1_0.data_base64,
        um1_0.dev_eui,
        um1_0.device_name,
        um1_0.device_profile_id,
        um1_0.device_profile_name,
        um1_0.dr,
        um1_0.f_cnt,
        um1_0.f_port,
        um1_0.frequency,
        um1_0.processed,
        um1_0.text_payload 
    from
        uplink_messages um1_0 
    where
        um1_0.processed=false 
    order by
        um1_0.created_at
Hibernate: 
    select
        um1_0.id,
        um1_0.adr,
        um1_0.application_id,
        um1_0.application_name,
        um1_0.created_at,
        um1_0.data_base64,
        um1_0.dev_eui,
        um1_0.device_name,
        um1_0.device_profile_id,
        um1_0.device_profile_name,
        um1_0.dr,
        um1_0.f_cnt,
        um1_0.f_port,
        um1_0.frequency,
        um1_0.processed,
        um1_0.text_payload 
    from
        uplink_messages um1_0 
    where
        um1_0.processed=false 
    order by
        um1_0.created_at
Hibernate: 
    select
        um1_0.id,
        um1_0.adr,
        um1_0.application_id,
        um1_0.application_name,
        um1_0.created_at,
        um1_0.data_base64,
        um1_0.dev_eui,
        um1_0.device_name,
        um1_0.device_profile_id,
        um1_0.device_profile_name,
        um1_0.dr,
        um1_0.f_cnt,
        um1_0.f_port,
        um1_0.frequency,
        um1_0.processed,
        um1_0.text_payload 
    from
        uplink_messages um1_0 
    where
        um1_0.processed=false 
    order by
        um1_0.created_at
Hibernate: 
    select
        um1_0.id,
        um1_0.adr,
        um1_0.application_id,
        um1_0.application_name,
        um1_0.created_at,
        um1_0.data_base64,
        um1_0.dev_eui,
        um1_0.device_name,
        um1_0.device_profile_id,
        um1_0.device_profile_name,
        um1_0.dr,
        um1_0.f_cnt,
        um1_0.f_port,
        um1_0.frequency,
        um1_0.processed,
        um1_0.text_payload 
    from
        uplink_messages um1_0 
    where
        um1_0.processed=false 
    order by
        um1_0.created_at
Hibernate: 
    select
        um1_0.id,
        um1_0.adr,
        um1_0.application_id,
        um1_0.application_name,
        um1_0.created_at,
        um1_0.data_base64,
        um1_0.dev_eui,
        um1_0.device_name,
        um1_0.device_profile_id,
        um1_0.device_profile_name,
        um1_0.dr,
        um1_0.f_cnt,
        um1_0.f_port,
        um1_0.frequency,
        um1_0.processed,
        um1_0.text_payload 
    from
        uplink_messages um1_0 
    where
        um1_0.processed=false 
    order by
        um1_0.created_at
2026-01-22T15:16:13.654+01:00  INFO 48288 --- [backend-electro] [   File Watcher] rtingClassPathChangeChangedEventListener : Restarting due to 137 class path changes (0 additions, 137 deletions, 0 modifications)
2026-01-22T15:16:13.661+01:00  INFO 48288 --- [backend-electro] [       Thread-9] o.s.boot.tomcat.GracefulShutdown         : Commencing graceful shutdown. Waiting for active requests to complete
2026-01-22T15:16:13.666+01:00  INFO 48288 --- [backend-electro] [tomcat-shutdown] o.s.boot.tomcat.GracefulShutdown         : Graceful shutdown complete
2026-01-22T15:16:13.679+01:00  INFO 48288 --- [backend-electro] [       Thread-9] j.LocalContainerEntityManagerFactoryBean : Closing JPA EntityManagerFactory for persistence unit 'default'
2026-01-22T15:16:13.680+01:00  INFO 48288 --- [backend-electro] [       Thread-9] com.zaxxer.hikari.HikariDataSource       : HikariPool-3 - Shutdown initiated...
2026-01-22T15:16:13.703+01:00  INFO 48288 --- [backend-electro] [       Thread-9] com.zaxxer.hikari.HikariDataSource       : HikariPool-3 - Shutdown completed.

  .   ____          _            __ _ _
 /\\ / ___'_ __ _ _(_)_ __  __ _ \ \ \ \
( ( )\___ | '_ | '_| | '_ \/ _` | \ \ \ \
 \\/  ___)| |_)| | | | | || (_| |  ) ) ) )
  '  |____| .__|_| |_|_| |_\__, | / / / /
 =========|_|==============|___/=/_/_/_/

 :: Spring Boot ::                (v4.0.0)

2026-01-22T15:16:13.964+01:00  INFO 48288 --- [backend-electro] [  restartedMain] c.p.backend.BackendElectroApplication    : Starting BackendElectroApplication using Java 23 with PID 48288 (/home/delta/DD/Projets 4Gi/electronique/backend-electro/target/classes started by delta in /home/delta/DD/Projets 4Gi/electronique/backend-electro)
2026-01-22T15:16:13.964+01:00  INFO 48288 --- [backend-electro] [  restartedMain] c.p.backend.BackendElectroApplication    : No active profile set, falling back to 1 default profile: "default"
2026-01-22T15:16:14.378+01:00  INFO 48288 --- [backend-electro] [  restartedMain] .s.d.r.c.RepositoryConfigurationDelegate : Bootstrapping Spring Data JPA repositories in DEFAULT mode.
2026-01-22T15:16:14.382+01:00  INFO 48288 --- [backend-electro] [  restartedMain] .s.d.r.c.RepositoryConfigurationDelegate : Finished Spring Data repository scanning in 2 ms. Found 0 JPA repository interfaces.
2026-01-22T15:16:14.626+01:00  INFO 48288 --- [backend-electro] [  restartedMain] o.s.boot.tomcat.TomcatWebServer          : Tomcat initialized with port 8080 (http)
2026-01-22T15:16:14.628+01:00  INFO 48288 --- [backend-electro] [  restartedMain] o.apache.catalina.core.StandardService   : Starting service [Tomcat]
2026-01-22T15:16:14.629+01:00  INFO 48288 --- [backend-electro] [  restartedMain] o.apache.catalina.core.StandardEngine    : Starting Servlet engine: [Apache Tomcat/11.0.14]
2026-01-22T15:16:14.651+01:00  INFO 48288 --- [backend-electro] [  restartedMain] b.w.c.s.WebApplicationContextInitializer : Root WebApplicationContext: initialization completed in 684 ms
2026-01-22T15:16:14.714+01:00  INFO 48288 --- [backend-electro] [  restartedMain] com.zaxxer.hikari.HikariDataSource       : HikariPool-4 - Starting...
2026-01-22T15:16:14.782+01:00  INFO 48288 --- [backend-electro] [  restartedMain] com.zaxxer.hikari.pool.HikariPool        : HikariPool-4 - Added connection org.postgresql.jdbc.PgConnection@7ac9fd77
2026-01-22T15:16:14.782+01:00  INFO 48288 --- [backend-electro] [  restartedMain] com.zaxxer.hikari.HikariDataSource       : HikariPool-4 - Start completed.
2026-01-22T15:16:14.807+01:00  INFO 48288 --- [backend-electro] [  restartedMain] o.hibernate.jpa.internal.util.LogHelper  : HHH000204: Processing PersistenceUnitInfo [name: default]
2026-01-22T15:16:14.842+01:00  INFO 48288 --- [backend-electro] [  restartedMain] o.s.o.j.p.SpringPersistenceUnitInfo      : No LoadTimeWeaver setup: ignoring JPA class transformer
2026-01-22T15:16:14.851+01:00  WARN 48288 --- [backend-electro] [  restartedMain] org.hibernate.orm.deprecation            : HHH90000025: PostgreSQLDialect does not need to be specified explicitly using 'hibernate.dialect' (remove the property setting and it will be selected by default)
2026-01-22T15:16:14.855+01:00  INFO 48288 --- [backend-electro] [  restartedMain] org.hibernate.orm.connections.pooling    : HHH10001005: Database info:
	Database JDBC URL [jdbc:postgresql://localhost:5432/bd_electro]
	Database driver: PostgreSQL JDBC Driver
	Database dialect: PostgreSQLDialect
	Database version: 18.1
	Default catalog/schema: bd_electro/public
	Autocommit mode: undefined/unknown
	Isolation level: READ_COMMITTED [default READ_COMMITTED]
	JDBC fetch size: none
	Pool: DatasourceConnectionProviderImpl
	Minimum pool size: undefined/unknown
	Maximum pool size: undefined/unknown
2026-01-22T15:16:14.886+01:00  INFO 48288 --- [backend-electro] [  restartedMain] o.h.e.t.j.p.i.JtaPlatformInitiator       : HHH000489: No JTA platform available (set 'hibernate.transaction.jta.platform' to enable JTA platform integration)
2026-01-22T15:16:14.887+01:00  INFO 48288 --- [backend-electro] [  restartedMain] j.LocalContainerEntityManagerFactoryBean : Initialized JPA EntityManagerFactory for persistence unit 'default'
2026-01-22T15:16:15.115+01:00  WARN 48288 --- [backend-electro] [  restartedMain] JpaBaseConfiguration$JpaWebConfiguration : spring.jpa.open-in-view is enabled by default. Therefore, database queries may be performed during view rendering. Explicitly configure spring.jpa.open-in-view to disable this warning
2026-01-22T15:16:15.193+01:00 DEBUG 48288 --- [backend-electro] [  restartedMain] s.w.s.m.m.a.RequestMappingHandlerMapping : 6 mappings in 'requestMappingHandlerMapping'
2026-01-22T15:16:15.218+01:00 DEBUG 48288 --- [backend-electro] [  restartedMain] o.s.w.s.handler.SimpleUrlHandlerMapping  : Patterns [/webjars/**, /**, /swagger-ui*/*swagger-initializer.js, /swagger-ui*/**] in 'resourceHandlerMapping'
2026-01-22T15:16:15.237+01:00 DEBUG 48288 --- [backend-electro] [  restartedMain] s.w.s.m.m.a.RequestMappingHandlerAdapter : ControllerAdvice beans: 0 @ModelAttribute, 0 @InitBinder, 1 RequestBodyAdvice, 1 ResponseBodyAdvice
2026-01-22T15:16:15.257+01:00 DEBUG 48288 --- [backend-electro] [  restartedMain] .m.m.a.ExceptionHandlerExceptionResolver : ControllerAdvice beans: 1 @ExceptionHandler, 1 ResponseBodyAdvice
2026-01-22T15:16:15.406+01:00  WARN 48288 --- [backend-electro] [  restartedMain] .s.a.UserDetailsServiceAutoConfiguration : 

Using generated security password: 66314d42-d606-45a8-ba73-b085791ad4cf

This generated password is for development use only. Your security configuration must be updated before running your application in production.

2026-01-22T15:16:15.464+01:00  INFO 48288 --- [backend-electro] [  restartedMain] r$InitializeUserDetailsManagerConfigurer : Global AuthenticationManager configured with UserDetailsService bean with name inMemoryUserDetailsManager
2026-01-22T15:16:15.668+01:00  INFO 48288 --- [backend-electro] [  restartedMain] o.s.boot.tomcat.TomcatWebServer          : Tomcat started on port 8080 (http) with context path '/api'
2026-01-22T15:16:15.675+01:00  INFO 48288 --- [backend-electro] [  restartedMain] c.p.backend.BackendElectroApplication    : Started BackendElectroApplication in 1.787 seconds (process running for 596.296)
2026-01-22T15:16:15.679+01:00  INFO 48288 --- [backend-electro] [  restartedMain] .ConditionEvaluationDeltaLoggingListener : Condition evaluation delta:


==========================
CONDITION EVALUATION DELTA
==========================


Positive matches:
-----------------

   ServletWebSecurityAutoConfiguration.EnableWebSecurityConfiguration matched:
      - @ConditionalOnClass found required class 'org.springframework.security.config.annotation.web.configuration.EnableWebSecurity' (OnClassCondition)
      - @ConditionalOnMissingBean (names: springSecurityFilterChain; SearchStrategy: all) did not find any beans (OnBeanCondition)

   ServletWebSecurityAutoConfiguration.SecurityFilterChainConfiguration matched:
      - AllNestedConditions 2 matched 0 did not; NestedCondition on DefaultWebSecurityCondition.Beans @ConditionalOnMissingBean (types: org.springframework.security.web.SecurityFilterChain; SearchStrategy: all) did not find any beans; NestedCondition on DefaultWebSecurityCondition.Classes @ConditionalOnClass found required classes 'org.springframework.security.web.SecurityFilterChain', 'org.springframework.security.config.annotation.web.builders.HttpSecurity' (DefaultWebSecurityCondition)


Negative matches:
-----------------

    None


Exclusions:
-----------

    None


Unconditional classes:
----------------------

    None



2026-01-22T15:16:21.857+01:00  INFO 48288 --- [backend-electro] [   File Watcher] rtingClassPathChangeChangedEventListener : Restarting due to 137 class path changes (137 additions, 0 deletions, 0 modifications)
2026-01-22T15:16:21.862+01:00  INFO 48288 --- [backend-electro] [      Thread-13] o.s.boot.tomcat.GracefulShutdown         : Commencing graceful shutdown. Waiting for active requests to complete
2026-01-22T15:16:21.866+01:00  INFO 48288 --- [backend-electro] [tomcat-shutdown] o.s.boot.tomcat.GracefulShutdown         : Graceful shutdown complete
2026-01-22T15:16:21.872+01:00  INFO 48288 --- [backend-electro] [      Thread-13] j.LocalContainerEntityManagerFactoryBean : Closing JPA EntityManagerFactory for persistence unit 'default'
2026-01-22T15:16:21.876+01:00  INFO 48288 --- [backend-electro] [      Thread-13] com.zaxxer.hikari.HikariDataSource       : HikariPool-4 - Shutdown initiated...
2026-01-22T15:16:21.893+01:00  INFO 48288 --- [backend-electro] [      Thread-13] com.zaxxer.hikari.HikariDataSource       : HikariPool-4 - Shutdown completed.

  .   ____          _            __ _ _
 /\\ / ___'_ __ _ _(_)_ __  __ _ \ \ \ \
( ( )\___ | '_ | '_| | '_ \/ _` | \ \ \ \
 \\/  ___)| |_)| | | | | || (_| |  ) ) ) )
  '  |____| .__|_| |_|_| |_\__, | / / / /
 =========|_|==============|___/=/_/_/_/

 :: Spring Boot ::                (v4.0.0)

2026-01-22T15:16:22.135+01:00  INFO 48288 --- [backend-electro] [  restartedMain] c.p.backend.BackendElectroApplication    : Starting BackendElectroApplication using Java 23 with PID 48288 (/home/delta/DD/Projets 4Gi/electronique/backend-electro/target/classes started by delta in /home/delta/DD/Projets 4Gi/electronique/backend-electro)
2026-01-22T15:16:22.135+01:00  INFO 48288 --- [backend-electro] [  restartedMain] c.p.backend.BackendElectroApplication    : No active profile set, falling back to 1 default profile: "default"
2026-01-22T15:16:22.509+01:00  INFO 48288 --- [backend-electro] [  restartedMain] .s.d.r.c.RepositoryConfigurationDelegate : Bootstrapping Spring Data JPA repositories in DEFAULT mode.
2026-01-22T15:16:22.548+01:00  INFO 48288 --- [backend-electro] [  restartedMain] .s.d.r.c.RepositoryConfigurationDelegate : Finished Spring Data repository scanning in 37 ms. Found 12 JPA repository interfaces.
2026-01-22T15:16:22.742+01:00  INFO 48288 --- [backend-electro] [  restartedMain] o.s.boot.tomcat.TomcatWebServer          : Tomcat initialized with port 8080 (http)
2026-01-22T15:16:22.743+01:00  INFO 48288 --- [backend-electro] [  restartedMain] o.apache.catalina.core.StandardService   : Starting service [Tomcat]
2026-01-22T15:16:22.743+01:00  INFO 48288 --- [backend-electro] [  restartedMain] o.apache.catalina.core.StandardEngine    : Starting Servlet engine: [Apache Tomcat/11.0.14]
2026-01-22T15:16:22.771+01:00  INFO 48288 --- [backend-electro] [  restartedMain] b.w.c.s.WebApplicationContextInitializer : Root WebApplicationContext: initialization completed in 633 ms
2026-01-22T15:16:22.792+01:00 DEBUG 48288 --- [backend-electro] [  restartedMain] o.springframework.web.filter.CorsFilter  : Filter 'corsFilter' configured for use
2026-01-22T15:16:22.817+01:00  INFO 48288 --- [backend-electro] [  restartedMain] com.zaxxer.hikari.HikariDataSource       : HikariPool-5 - Starting...
2026-01-22T15:16:22.853+01:00  INFO 48288 --- [backend-electro] [  restartedMain] com.zaxxer.hikari.pool.HikariPool        : HikariPool-5 - Added connection org.postgresql.jdbc.PgConnection@1a430b12
2026-01-22T15:16:22.854+01:00  INFO 48288 --- [backend-electro] [  restartedMain] com.zaxxer.hikari.HikariDataSource       : HikariPool-5 - Start completed.
2026-01-22T15:16:22.875+01:00  INFO 48288 --- [backend-electro] [  restartedMain] o.hibernate.jpa.internal.util.LogHelper  : HHH000204: Processing PersistenceUnitInfo [name: default]
2026-01-22T15:16:22.904+01:00  INFO 48288 --- [backend-electro] [  restartedMain] o.s.o.j.p.SpringPersistenceUnitInfo      : No LoadTimeWeaver setup: ignoring JPA class transformer
2026-01-22T15:16:22.909+01:00  WARN 48288 --- [backend-electro] [  restartedMain] org.hibernate.orm.deprecation            : HHH90000025: PostgreSQLDialect does not need to be specified explicitly using 'hibernate.dialect' (remove the property setting and it will be selected by default)
2026-01-22T15:16:22.913+01:00  INFO 48288 --- [backend-electro] [  restartedMain] org.hibernate.orm.connections.pooling    : HHH10001005: Database info:
	Database JDBC URL [jdbc:postgresql://localhost:5432/bd_electro]
	Database driver: PostgreSQL JDBC Driver
	Database dialect: PostgreSQLDialect
	Database version: 18.1
	Default catalog/schema: bd_electro/public
	Autocommit mode: undefined/unknown
	Isolation level: READ_COMMITTED [default READ_COMMITTED]
	JDBC fetch size: none
	Pool: DatasourceConnectionProviderImpl
	Minimum pool size: undefined/unknown
	Maximum pool size: undefined/unknown
2026-01-22T15:16:23.324+01:00  INFO 48288 --- [backend-electro] [  restartedMain] o.h.e.t.j.p.i.JtaPlatformInitiator       : HHH000489: No JTA platform available (set 'hibernate.transaction.jta.platform' to enable JTA platform integration)
2026-01-22T15:16:23.569+01:00  INFO 48288 --- [backend-electro] [  restartedMain] j.LocalContainerEntityManagerFactoryBean : Initialized JPA EntityManagerFactory for persistence unit 'default'
2026-01-22T15:16:24.384+01:00  WARN 48288 --- [backend-electro] [  restartedMain] JpaBaseConfiguration$JpaWebConfiguration : spring.jpa.open-in-view is enabled by default. Therefore, database queries may be performed during view rendering. Explicitly configure spring.jpa.open-in-view to disable this warning
2026-01-22T15:16:24.450+01:00  WARN 48288 --- [backend-electro] [  restartedMain] .s.a.UserDetailsServiceAutoConfiguration : 

Using generated security password: 0d6ac478-b827-4193-b7db-0766c2648189

This generated password is for development use only. Your security configuration must be updated before running your application in production.

2026-01-22T15:16:24.452+01:00  INFO 48288 --- [backend-electro] [  restartedMain] r$InitializeUserDetailsManagerConfigurer : Global AuthenticationManager configured with UserDetailsService bean with name inMemoryUserDetailsManager
2026-01-22T15:16:24.694+01:00 DEBUG 48288 --- [backend-electro] [  restartedMain] s.w.s.m.m.a.RequestMappingHandlerMapping : 85 mappings in 'requestMappingHandlerMapping'
2026-01-22T15:16:24.711+01:00 DEBUG 48288 --- [backend-electro] [  restartedMain] o.s.w.s.handler.SimpleUrlHandlerMapping  : Patterns [/webjars/**, /**, /swagger-ui*/*swagger-initializer.js, /swagger-ui*/**] in 'resourceHandlerMapping'
2026-01-22T15:16:24.727+01:00 DEBUG 48288 --- [backend-electro] [  restartedMain] s.w.s.m.m.a.RequestMappingHandlerAdapter : ControllerAdvice beans: 0 @ModelAttribute, 0 @InitBinder, 1 RequestBodyAdvice, 1 ResponseBodyAdvice
2026-01-22T15:16:24.744+01:00 DEBUG 48288 --- [backend-electro] [  restartedMain] .m.m.a.ExceptionHandlerExceptionResolver : ControllerAdvice beans: 2 @ExceptionHandler, 1 ResponseBodyAdvice
2026-01-22T15:16:24.851+01:00  INFO 48288 --- [backend-electro] [  restartedMain] o.s.boot.tomcat.TomcatWebServer          : Tomcat started on port 8080 (http) with context path '/api'
2026-01-22T15:16:24.856+01:00  INFO 48288 --- [backend-electro] [  restartedMain] c.p.backend.BackendElectroApplication    : Started BackendElectroApplication in 2.751 seconds (process running for 605.477)
Hibernate: 
    select
        um1_0.id,
        um1_0.adr,
        um1_0.application_id,
        um1_0.application_name,
        um1_0.created_at,
        um1_0.data_base64,
        um1_0.dev_eui,
        um1_0.device_name,
        um1_0.device_profile_id,
        um1_0.device_profile_name,
        um1_0.dr,
        um1_0.f_cnt,
        um1_0.f_port,
        um1_0.frequency,
        um1_0.processed,
        um1_0.text_payload 
    from
        uplink_messages um1_0 
    where
        um1_0.processed=false 
    order by
        um1_0.created_at
Hibernate: 
    select
        a1_0.id_admin 
    from
        administrateur a1_0 
    where
        a1_0.email=? 
    fetch
        first ? rows only
2026-01-22T15:16:24.909+01:00  INFO 48288 --- [backend-electro] [  restartedMain] c.p.backend.config.DataInitializer       : Super Admin existe déjà.
2026-01-22T15:16:24.911+01:00  INFO 48288 --- [backend-electro] [  restartedMain] .ConditionEvaluationDeltaLoggingListener : Condition evaluation delta:


==========================
CONDITION EVALUATION DELTA
==========================


Positive matches:
-----------------

    None


Negative matches:
-----------------

   ServletWebSecurityAutoConfiguration.EnableWebSecurityConfiguration:
      Did not match:
         - @ConditionalOnMissingBean (names: springSecurityFilterChain; SearchStrategy: all) found beans named springSecurityFilterChain (OnBeanCondition)
      Matched:
         - @ConditionalOnClass found required class 'org.springframework.security.config.annotation.web.configuration.EnableWebSecurity' (OnClassCondition)

   ServletWebSecurityAutoConfiguration.SecurityFilterChainConfiguration:
      Did not match:
         - AllNestedConditions 1 matched 1 did not; NestedCondition on DefaultWebSecurityCondition.Beans @ConditionalOnMissingBean (types: org.springframework.security.web.SecurityFilterChain; SearchStrategy: all) found beans of type 'org.springframework.security.web.SecurityFilterChain' securityFilterChain; NestedCondition on DefaultWebSecurityCondition.Classes @ConditionalOnClass found required classes 'org.springframework.security.web.SecurityFilterChain', 'org.springframework.security.config.annotation.web.builders.HttpSecurity' (DefaultWebSecurityCondition)


Exclusions:
-----------

    None


Unconditional classes:
----------------------

    None



2026-01-22T15:16:44.530+01:00  INFO 48288 --- [backend-electro] [ionShutdownHook] o.s.boot.tomcat.GracefulShutdown         : Commencing graceful shutdown. Waiting for active requests to complete
2026-01-22T15:16:44.541+01:00  INFO 48288 --- [backend-electro] [tomcat-shutdown] o.s.boot.tomcat.GracefulShutdown         : Graceful shutdown complete
2026-01-22T15:16:44.665+01:00  INFO 48288 --- [backend-electro] [ionShutdownHook] j.LocalContainerEntityManagerFactoryBean : Closing JPA EntityManagerFactory for persistence unit 'default'
2026-01-22T15:16:44.672+01:00  INFO 48288 --- [backend-electro] [ionShutdownHook] com.zaxxer.hikari.HikariDataSource       : HikariPool-5 - Shutdown initiated...
2026-01-22T15:16:44.681+01:00  INFO 48288 --- [backend-electro] [ionShutdownHook] com.zaxxer.hikari.HikariDataSource       : HikariPool-5 - Shutdown completed.
